\BOOKMARK [1][-]{section.1}{\376\377\000S\000t\000u\000d\000i\000\040\000L\000i\000t\000e\000r\000a\000t\000u\000r}{}% 1
\BOOKMARK [2][-]{subsection.1.1}{\376\377\000D\000a\000f\000t\000a\000r\000\040\000F\000u\000t\000u\000r\000e\000\040\000W\000o\000r\000k\000\040\000y\000a\000n\000g\000\040\000D\000i\000i\000n\000t\000e\000g\000r\000a\000s\000i\000k\000a\000n}{section.1}% 2
\BOOKMARK [1][-]{section.2}{\376\377\000M\000e\000t\000o\000d\000e\000\040\000B\000a\000r\000u\000\040\000y\000a\000n\000g\000\040\000D\000i\000u\000s\000u\000l\000k\000a\000n}{}% 3
\BOOKMARK [2][-]{subsection.2.1}{\376\377\000J\000u\000d\000u\000l\000\040\000M\000e\000t\000o\000d\000e}{section.2}% 4
\BOOKMARK [2][-]{subsection.2.2}{\376\377\000F\000l\000o\000w\000c\000h\000a\000r\000t}{section.2}% 5
\BOOKMARK [2][-]{subsection.2.3}{\376\377\000D\000e\000s\000k\000r\000i\000p\000s\000i\000\040\000M\000e\000t\000o\000d\000e}{section.2}% 6
\BOOKMARK [1][-]{section.3}{\376\377\000S\000i\000m\000u\000l\000a\000s\000i\000\040\000d\000a\000n\000\040\000H\000a\000s\000i\000l}{}% 7
\BOOKMARK [2][-]{subsection.3.1}{\376\377\000A\000l\000a\000t\000\040\000d\000a\000n\000\040\000P\000e\000r\000a\000n\000g\000k\000a\000t\000\040\000L\000u\000n\000a\000k}{section.3}% 8
\BOOKMARK [2][-]{subsection.3.2}{\376\377\000R\000a\000n\000g\000k\000a\000i\000a\000n\000\040\000S\000i\000m\000u\000l\000a\000s\000i}{section.3}% 9
\BOOKMARK [2][-]{subsection.3.3}{\376\377\000K\000o\000d\000e\000\040\000S\000u\000m\000b\000e\000r\000\040\000U\000t\000a\000m\000a\000\040\000\050\000R\000u\000s\000t\000\051}{section.3}% 10
\BOOKMARK [2][-]{subsection.3.4}{\376\377\000D\000a\000t\000a\000\040\000d\000a\000n\000\040\000P\000l\000o\000t\000\040\000G\000N\000U\000P\000l\000o\000t}{section.3}% 11
\BOOKMARK [2][-]{subsection.3.5}{\376\377\000A\000n\000a\000l\000i\000s\000i\000s\000\040\000K\000u\000a\000n\000t\000i\000t\000a\000t\000i\000f}{section.3}% 12
\BOOKMARK [2][-]{subsection.3.6}{\376\377\000V\000i\000s\000u\000a\000l\000i\000s\000a\000s\000i\000\040\000L\000a\000n\000j\000u\000t\000a\000n}{section.3}% 13
\BOOKMARK [1][-]{section.4}{\376\377\000F\000o\000r\000m\000a\000l\000i\000s\000a\000s\000i\000\040\000M\000a\000t\000e\000m\000a\000t\000i\000s}{}% 14
\BOOKMARK [2][-]{subsection.4.1}{\376\377\000D\000e\000f\000i\000n\000i\000s\000i\000\040\000F\000u\000n\000g\000s\000i\000\040\000V\000o\000t\000i\000n\000g}{section.4}% 15
\BOOKMARK [2][-]{subsection.4.2}{\376\377\000F\000i\000n\000i\000t\000e\000\040\000S\000t\000a\000t\000e\000\040\000M\000a\000c\000h\000i\000n\000e\000\040\000\050\000F\000S\000M\000\051}{section.4}% 16
\BOOKMARK [2][-]{subsection.4.3}{\376\377\000M\000e\000t\000r\000i\000k\000\040\000L\000a\000t\000e\000n\000s\000i}{section.4}% 17
\BOOKMARK [1][-]{section.5}{\376\377\000K\000e\000u\000n\000g\000g\000u\000l\000a\000n\000\040\000M\000e\000t\000o\000d\000e}{}% 18
\BOOKMARK [1][-]{section.6}{\376\377\000D\000o\000k\000u\000m\000e\000n\000t\000a\000s\000i\000\040\000G\000i\000t\000H\000u\000b\000\040\000d\000a\000n\000\040\000L\000i\000n\000k\000e\000d\000I\000n}{}% 19
\BOOKMARK [1][-]{section.7}{\376\377\000K\000e\000s\000i\000m\000p\000u\000l\000a\000n}{}% 20
